// Jest Snapshot v1, https://goo.gl/fbAQLP

exports[`Shapshot 1`] = `
.c0 {
  margin-left: 0.85em;
  color: white;
  font-size: 3em;
}

@media (max-width:576px) {
  .c0 {
    font-size: 1.8em;
  }
}

@media (min-width:992px) {
  .c0 {
    font-size: 4em;
  }
}

@media (min-width:1200px) {
  .c0 {
    font-size: 5em;
  }
}

<div
  className="c0"
  color="white"
  size="3em"
>
  Home and Away
</div>
`;
