// Jest Snapshot v1, https://goo.gl/fbAQLP

exports[`Shapshot 1`] = `
.c1 {
  width: 100%;
}

.c4 {
  margin-left: 0.85em;
  color: white;
  font-size: 3em;
}

.c2 {
  display: -webkit-inline-box;
  display: -webkit-inline-flex;
  display: -ms-inline-flexbox;
  display: inline-flex;
  -webkit-align-items: center;
  -webkit-box-align: center;
  -ms-flex-align: center;
  align-items: center;
  position: absolute;
  background: rgba(25,25,25,.7);
  width: 100%;
  height: 32%;
  bottom: 0;
  left: 0;
}

.c3 {
  height: 70%;
}

.c0 {
  position: relative;
}

@media (max-width:576px) {
  .c4 {
    font-size: 1.8em;
  }
}

@media (min-width:992px) {
  .c4 {
    font-size: 4em;
  }
}

@media (min-width:1200px) {
  .c4 {
    font-size: 5em;
  }
}

<div
  className="c0"
>
  <img
    className="c1"
    src="tile.jpg"
  />
  <div
    className="c2"
  >
    <img
      alt="7 news logo"
      className="c3"
      src="logo.png"
    />
    <div
      className="c4"
      color="white"
      size="3em"
    >
      Home and Away
    </div>
  </div>
</div>
`;
