// Jest Snapshot v1, https://goo.gl/fbAQLP

exports[`Shapshot 1`] = `
.c0 {
  width: 100%;
}

<img
  alt="title background image"
  className="c0"
  src={undefined}
/>
`;
